../Core/Src/main.c:274:1:host_delay	2
../Core/Src/main.c:286:1:host_set_led	1
../Core/Src/main.c:300:1:host_zero_led_values	1
../Core/Src/main.c:655:13:MX_GPIO_Init	1
../Core/Src/main.c:638:13:MX_DMA_Init	1
../Core/Src/main.c:683:6:startWasmTask	15
../Core/Src/main.c:758:6:startDefaultTask	3
../Core/Src/main.c:803:6:startLedTask	2
../Core/Src/main.c:834:6:startTickTask	2
../Core/Src/main.c:925:6:startWasmCtlTask	8
../Core/Src/main.c:866:6:startStatusTask	3
../Core/Src/main.c:978:6:startDfuTask	1
../Core/Src/main.c:160:5:__io_putchar	3
../Core/Src/main.c:171:6:configureTimerForRunTimeStats	1
../Core/Src/main.c:176:15:getRunTimeCounterValue	1
../Core/Src/main.c:181:6:HAL_TIM_PWM_PulseFinishedHalfCpltCallback	2
../Core/Src/main.c:190:6:HAL_TIM_PWM_PulseFinishedCallback	2
../Core/Src/main.c:202:6:tud_dfu_download_cb	8
../Core/Src/main.c:245:6:tud_dfu_get_status_cb	1
../Core/Src/main.c:254:10:tud_dfu_get_timeout_cb	2
../Core/Src/main.c:262:6:tud_dfu_manifest_cb	1
../Core/Src/main.c:271:6:tud_dfu_runtime_reboot_to_dfu_cb	1
../Core/Src/main.c:1003:6:HAL_TIM_PeriodElapsedCallback	2
../Core/Src/main.c:1019:6:Error_Handler	1
../Core/Src/main.c:576:13:MX_USART1_UART_Init	1
../Core/Src/main.c:547:13:MX_TIM13_Init	1
../Core/Src/main.c:492:13:MX_TIM3_Init	1
../Core/Src/main.c:607:13:MX_USB_OTG_FS_PCD_Init	1
../Core/Src/main.c:449:6:SystemClock_Config	1
../Core/Src/main.c:315:5:main	1
