../Core/Src/main.c:987:6:startWasmTask	1
../Core/Src/main.c:709:13:MX_GPIO_Init	1
../Core/Src/main.c:691:13:MX_DMA_Init	1
../Core/Src/main.c:748:6:startDefaultTask	4
../Core/Src/main.c:794:6:startLedTask	2
../Core/Src/main.c:826:6:startTickTask	2
../Core/Src/main.c:859:6:startStatusTask	3
../Core/Src/main.c:919:6:startWasmCtlTask	7
../Core/Src/main.c:969:6:startDfuTask	1
../Core/Src/main.c:192:5:__io_putchar	3
../Core/Src/main.c:203:6:configureTimerForRunTimeStats	1
../Core/Src/main.c:208:15:getRunTimeCounterValue	1
../Core/Src/main.c:213:6:HAL_TIM_PWM_PulseFinishedHalfCpltCallback	2
../Core/Src/main.c:222:6:HAL_TIM_PWM_PulseFinishedCallback	2
../Core/Src/main.c:234:6:tud_dfu_download_cb	8
../Core/Src/main.c:274:6:tud_dfu_get_status_cb	1
../Core/Src/main.c:283:10:tud_dfu_get_timeout_cb	2
../Core/Src/main.c:291:6:tud_dfu_manifest_cb	1
../Core/Src/main.c:300:6:tud_dfu_runtime_reboot_to_dfu_cb	1
../Core/Src/main.c:304:1:delay	1
../Core/Src/main.c:310:1:MyNativeBridge	1
../Core/Src/main.c:326:6:run_wasm	1
../Core/Src/main.c:1001:6:HAL_TIM_PeriodElapsedCallback	2
../Core/Src/main.c:1019:6:Error_Handler	1
../Core/Src/main.c:625:13:MX_USART1_UART_Init	1
../Core/Src/main.c:594:13:MX_TIM13_Init	1
../Core/Src/main.c:535:13:MX_TIM3_Init	1
../Core/Src/main.c:658:13:MX_USB_OTG_FS_PCD_Init	1
../Core/Src/main.c:489:6:SystemClock_Config	1
../Core/Src/main.c:359:5:main	1
